(0,8) type:O
(1,8) type:R
(2,5) type:O
(2,6) type:R
(2,7) type:R
(2,8) type:R
(3,7) type:O
(3,3) type:O
(3,4) type:R
(3,5) type:R
(3,8) type:R
(4,3) type:R
(4,8) type:R
(5,1) type:O
(5,2) type:R
(5,3) type:R
(5,8) type:R
(6,4) type:O
(6,3) type:R
(6,8) type:R
(6,1) type:R
(7,9) type:O
(7,8) type:R
(7,1) type:R
(8,1) type:R
(9,0) type:O
(9,1) type:R
