(0,8) type:Object
(1,8) type:Road
(2,5) type:Object
(2,6) type:Road
(2,7) type:Road
(2,8) type:Road
(3,7) type:Object
(3,3) type:Object
(3,4) type:Road
(3,5) type:Road
(3,8) type:Road
(4,3) type:Road
(4,8) type:Road
(5,1) type:Object
(5,2) type:Road
(5,3) type:Road
(5,8) type:Road
(6,4) type:Object
(6,3) type:Road
(6,8) type:Road
(6,1) type:Road
(7,9) type:Object
(7,8) type:Road
(7,1) type:Road
(8,1) type:Road
(9,0) type:Object
(9,1) type:Road
